// Vitest Snapshot v1, https://vitest.dev/guide/snapshot.html

exports[`download-html > should construct html correctly 1`] = `
"<!doctype html>
<html>
  <head>
    <base href="/" />

    <meta charset="utf-8" />
    <link
      rel="icon"
      href="https://cdn.jsdelivr.net/npm/@marimo-team/frontend@0.1.44/dist/favicon.ico"
      crossorigin="anonymous"
    />
    <link
      rel="preload"
      href="https://cdn.jsdelivr.net/npm/@marimo-team/frontend@0.1.44/dist/assets/gradient-6c6e9bb3.png"
      as="image"
      crossorigin="anonymous"
    />
    <link
      rel="preload"
      href="https://cdn.jsdelivr.net/npm/@marimo-team/frontend@0.1.44/dist/assets/noise-b5c8172e.png"
      as="image"
      crossorigin="anonymous"
    />

    <meta name="viewport" content="width=device-width, initial-scale=1" />
    <meta name="theme-color" content="#000000" />
    <meta name="description" content="a marimo app" />
    <link
      rel="apple-touch-icon"
      href="https://cdn.jsdelivr.net/npm/@marimo-team/frontend@0.1.44/dist/apple-touch-icon.png"
      crossorigin="anonymous"
    />
    <link
      rel="manifest"
      href="https://cdn.jsdelivr.net/npm/@marimo-team/frontend@0.1.44/dist/manifest.json"
      crossorigin="anonymous"
    />
    <script data-marimo="true">
      function __resizeIframe(obj) {
        // Resize the iframe to the height of the content
        obj.style.height =
          obj.contentWindow.document.documentElement.scrollHeight + "px";

        // Resize the iframe when the content changes
        const resizeObserver = new ResizeObserver((entries) => {
          obj.style.height =
            obj.contentWindow.document.documentElement.scrollHeight + "px";
        });
        resizeObserver.observe(obj.contentWindow.document.body);
      }
    </script>

    <link rel="preconnect" href="https://fonts.googleapis.com" />
    <link rel="preconnect" href="https://fonts.gstatic.com" crossorigin="" />
    <link
      href="https://fonts.googleapis.com/css2?family=Fira+Mono:wght@400;500;700&amp;family=Lora&amp;family=PT+Sans:wght@400;700&amp;display=swap"
      rel="stylesheet"
    />
  </head>

  <body>
    <div id="root"></div>
    <marimo-mode data-mode="read" hidden=""></marimo-mode>
    <marimo-filename hidden="">app.py</marimo-filename>
    <marimo-version data-version="0.1.44" hidden=""></marimo-version>
    <marimo-user-config
      data-config='{"display": {"theme": "light"}, "keymap": {"preset": "default"}, "save": {"autosave": "after_delay", "format_on_save": true, "autosave_delay": 1000}, "server": {"browser": "default"}, "experimental": {"layouts": true, "theming": true}, "runtime": {"auto_instantiate": true}, "completion": {"activate_on_typing": true, "copilot": true}}'
      hidden=""
    ></marimo-user-config>
    <marimo-app-config
      data-config='{"width": "full", "layout_file": null}'
      hidden=""
    ></marimo-app-config>
    <script data-marimo="true">
      window.__MARIMO_STATIC__ = {};
      window.__MARIMO_STATIC__.version = "0.1.44";
      window.__MARIMO_STATIC__.notebookState = {
        cellIds: ["1"],
        cellData: {
          1: "JTdCJTIyaWQlMjIlM0ElMjIxJTIyJTJDJTIyY29uZmlnJTIyJTNBJTdCJTIyaGlkZV9jb2RlJTIyJTNBdHJ1ZSU3RCUyQyUyMm5hbWUlMjIlM0ElMjJjZWxsJTIyJTJDJTIyY29kZSUyMiUzQSUyMmNvZGUlMjIlMkMlMjJlZGl0ZWQlMjIlM0FmYWxzZSUyQyUyMmxhc3RDb2RlUnVuJTIyJTNBbnVsbCUyQyUyMnNlcmlhbGl6ZWRFZGl0b3JTdGF0ZSUyMiUzQW51bGwlN0Q=",
        },
        cellRuntime: {
          1: "JTdCJTIyb3V0bGluZSUyMiUzQW51bGwlMkMlMjJvdXRwdXQlMjIlM0FudWxsJTJDJTIyY29uc29sZU91dHB1dHMlMjIlM0ElNUIlNUQlMkMlMjJzdGF0dXMlMjIlM0ElMjJpZGxlJTIyJTJDJTIyaW50ZXJydXB0ZWQlMjIlM0FmYWxzZSUyQyUyMmVycm9yZWQlMjIlM0FmYWxzZSUyQyUyMnN0b3BwZWQlMjIlM0FmYWxzZSUyQyUyMnJ1bkVsYXBzZWRUaW1lTXMlMjIlM0FudWxsJTJDJTIycnVuU3RhcnRUaW1lc3RhbXAlMjIlM0FudWxsJTJDJTIyZGVidWdnZXJBY3RpdmUlMjIlM0FmYWxzZSU3RA==",
        },
      };
      window.__MARIMO_STATIC__.assetUrl =
        "https://cdn.jsdelivr.net/npm/@marimo-team/frontend@0.1.44/dist";
      window.__MARIMO_STATIC__.files = {
        "/@file/note.txt": { base64: "data:text/plain;base64,bm90ZQo=" },
      };
    </script>

    <marimo-code hidden="">
      import%20marimo%20as%20mo%0A%0Amo.html('%3Ch1%3Ehello%3C%2Fh1%3E')
    </marimo-code>

    <script
      type="module"
      crossorigin="anonymous"
      src="https://cdn.jsdelivr.net/npm/@marimo-team/frontend@0.1.44/dist/assets/index-2e140915.js"
    ></script>
    <link
      rel="stylesheet"
      href="https://cdn.jsdelivr.net/npm/@marimo-team/frontend@0.1.44/dist/assets/index-116d8088.css"
      crossorigin="anonymous"
    />
  </body>
</html>
"
`;
